###############################################################################
#
# IAR ELF Linker V8.32.2.178/W32 for ARM                  25/Apr/2019  01:50:52
# Copyright 2007-2018 IAR Systems AB.
#
#    Output file  =  
#        C:\Users\Morozov\Documents\LAB6_F100\EWARM\LAB6_F100\Exe\LAB6_F100.out
#    Map file     =  
#        C:\Users\Morozov\Documents\LAB6_F100\EWARM\LAB6_F100\List\LAB6_F100.map
#    Command line =  
#        -f C:\Users\Morozov\AppData\Local\Temp\EWEA16.tmp
#        (C:\Users\Morozov\Documents\LAB6_F100\EWARM\LAB6_F100\Obj\global.o
#        C:\Users\Morozov\Documents\LAB6_F100\EWARM\LAB6_F100\Obj\main.o
#        C:\Users\Morozov\Documents\LAB6_F100\EWARM\LAB6_F100\Obj\startup_stm32f100xb.o
#        C:\Users\Morozov\Documents\LAB6_F100\EWARM\LAB6_F100\Obj\stm32f1xx_hal.o
#        C:\Users\Morozov\Documents\LAB6_F100\EWARM\LAB6_F100\Obj\stm32f1xx_hal_cortex.o
#        C:\Users\Morozov\Documents\LAB6_F100\EWARM\LAB6_F100\Obj\stm32f1xx_hal_dma.o
#        C:\Users\Morozov\Documents\LAB6_F100\EWARM\LAB6_F100\Obj\stm32f1xx_hal_flash.o
#        C:\Users\Morozov\Documents\LAB6_F100\EWARM\LAB6_F100\Obj\stm32f1xx_hal_flash_ex.o
#        C:\Users\Morozov\Documents\LAB6_F100\EWARM\LAB6_F100\Obj\stm32f1xx_hal_gpio.o
#        C:\Users\Morozov\Documents\LAB6_F100\EWARM\LAB6_F100\Obj\stm32f1xx_hal_gpio_ex.o
#        C:\Users\Morozov\Documents\LAB6_F100\EWARM\LAB6_F100\Obj\stm32f1xx_hal_msp.o
#        C:\Users\Morozov\Documents\LAB6_F100\EWARM\LAB6_F100\Obj\stm32f1xx_hal_pwr.o
#        C:\Users\Morozov\Documents\LAB6_F100\EWARM\LAB6_F100\Obj\stm32f1xx_hal_rcc.o
#        C:\Users\Morozov\Documents\LAB6_F100\EWARM\LAB6_F100\Obj\stm32f1xx_hal_rcc_ex.o
#        C:\Users\Morozov\Documents\LAB6_F100\EWARM\LAB6_F100\Obj\stm32f1xx_hal_tim.o
#        C:\Users\Morozov\Documents\LAB6_F100\EWARM\LAB6_F100\Obj\stm32f1xx_hal_tim_ex.o
#        C:\Users\Morozov\Documents\LAB6_F100\EWARM\LAB6_F100\Obj\stm32f1xx_it.o
#        C:\Users\Morozov\Documents\LAB6_F100\EWARM\LAB6_F100\Obj\stm32f1xx_ll_adc.o
#        C:\Users\Morozov\Documents\LAB6_F100\EWARM\LAB6_F100\Obj\stm32f1xx_ll_dma.o
#        C:\Users\Morozov\Documents\LAB6_F100\EWARM\LAB6_F100\Obj\stm32f1xx_ll_exti.o
#        C:\Users\Morozov\Documents\LAB6_F100\EWARM\LAB6_F100\Obj\stm32f1xx_ll_gpio.o
#        C:\Users\Morozov\Documents\LAB6_F100\EWARM\LAB6_F100\Obj\stm32f1xx_ll_rcc.o
#        C:\Users\Morozov\Documents\LAB6_F100\EWARM\LAB6_F100\Obj\stm32f1xx_ll_tim.o
#        C:\Users\Morozov\Documents\LAB6_F100\EWARM\LAB6_F100\Obj\stm32f1xx_ll_utils.o
#        C:\Users\Morozov\Documents\LAB6_F100\EWARM\LAB6_F100\Obj\system_stm32f1xx.o
#        --redirect _Printf=_PrintfFull --redirect _Scanf=_ScanfFull
#        --no_out_extension -o
#        C:\Users\Morozov\Documents\LAB6_F100\EWARM\LAB6_F100\Exe\LAB6_F100.out
#        --map
#        C:\Users\Morozov\Documents\LAB6_F100\EWARM\LAB6_F100\List\LAB6_F100.map
#        --config
#        C:\Users\Morozov\Documents\LAB6_F100\EWARM/stm32f100xb_flash.icf
#        --semihosting --entry __iar_program_start --vfe --text_out locale)
#
###############################################################################

*******************************************************************************
*** RUNTIME MODEL ATTRIBUTES
***

CppFlavor       = *
__SystemLibrary = DLib
__dlib_version  = 6


*******************************************************************************
*** HEAP SELECTION
***

The basic heap was selected because no calls to memory allocation
functions were found in the application outside of system library
functions, and there are calls to deallocation functions in the
application.


*******************************************************************************
*** PLACEMENT SUMMARY
***

"A0":  place at 0x800'0000 { ro section .intvec };
"P1":  place in [from 0x800'0000 to 0x801'ffff] { ro };
define block CSTACK with size = 1K, alignment = 8 { };
define block HEAP with size = 512, alignment = 8 { };
"P2":  place in [from 0x2000'0000 to 0x2000'1fff] {
          rw, block CSTACK, block HEAP };
initialize by copy { rw };

  Section            Kind         Address    Size  Object
  -------            ----         -------    ----  ------
"A0":                                       0x120
  .intvec            ro code   0x800'0000   0x120  startup_stm32f100xb.o [1]
                             - 0x800'0120   0x120

"P1":                                      0x1984
  .text              ro code   0x800'0120   0x528  main.o [1]
  .text              ro code   0x800'0648    0x16  stm32f1xx_hal.o [1]
  .text              ro code   0x800'065e    0x3a  zero_init3.o [3]
  .text              ro code   0x800'0698   0x21c  stm32f1xx_hal_tim.o [1]
  .text              ro code   0x800'08b4    0x4a  stm32f1xx_hal_tim_ex.o [1]
  .text              ro code   0x800'0900     0x6  ABImemclr4.o [3]
  .text              ro code   0x800'0908   0x494  stm32f1xx_hal_rcc.o [1]
  .text              ro code   0x800'0d9c    0xd4  stm32f1xx_hal_rcc_ex.o [1]
  .text              ro code   0x800'0e70    0xcc  stm32f1xx_ll_gpio.o [1]
  .text              ro code   0x800'0f3c    0x7c  stm32f1xx_ll_adc.o [1]
  .text              ro code   0x800'0fb8   0x29c  stm32f1xx_ll_tim.o [1]
  .text              ro code   0x800'1254   0x1d6  stm32f1xx_hal_gpio.o [1]
  .text              ro code   0x800'142c    0xc4  stm32f1xx_hal_cortex.o [1]
  .text              ro code   0x800'14f0    0x40  stm32f1xx_hal.o [1]
  .text              ro code   0x800'1530    0x80  stm32f1xx_hal_msp.o [1]
  .text              ro code   0x800'15b0     0x2  stm32f1xx_hal_tim.o [1]
  .text              ro code   0x800'15b2     0x2  stm32f1xx_hal_tim.o [1]
  .text              ro code   0x800'15b4     0x2  stm32f1xx_hal_tim.o [1]
  .text              ro code   0x800'15b6     0x2  stm32f1xx_hal_tim_ex.o [1]
  .text              ro code   0x800'15b8     0x2  stm32f1xx_hal_tim.o [1]
  .text              ro code   0x800'15ba     0x2  stm32f1xx_hal_tim_ex.o [1]
  .text              ro code   0x800'15bc     0x2  stm32f1xx_hal_tim.o [1]
  .text              ro code   0x800'15c0    0x32  ABImemset48.o [3]
  .text              ro code   0x800'15f4     0xc  stm32f1xx_hal.o [1]
  .text              ro code   0x800'1600   0x2b8  stm32f1xx_it.o [1]
  .text              ro code   0x800'18b8    0x10  stm32f1xx_hal.o [1]
  .text              ro code   0x800'18c8    0x60  system_stm32f1xx.o [1]
  .text              ro code   0x800'1928    0x2c  copy_init3.o [3]
  .text              ro code   0x800'1954    0x28  data_init.o [3]
  .iar.init_table    const     0x800'197c    0x24  - Linker created -
  .text              ro code   0x800'19a0    0x1e  cmain.o [3]
  .text              ro code   0x800'19be     0x4  low_level_init.o [2]
  .text              ro code   0x800'19c2     0x4  exit.o [2]
  .text              ro code   0x800'19c8     0xa  cexit.o [3]
  .text              ro code   0x800'19d4    0x14  exit.o [4]
  Initializer bytes  const     0x800'19e8    0x14  <for P2-1>
  .text              ro code   0x800'19fc    0x10  startup_stm32f100xb.o [1]
  .text              ro code   0x800'1a0c     0xc  cstartup_M.o [3]
  .text              ro code   0x800'1a18     0x4  startup_stm32f100xb.o [1]
  .text              ro code   0x800'1a1c     0x4  startup_stm32f100xb.o [1]
  .text              ro code   0x800'1a20     0x4  startup_stm32f100xb.o [1]
  .text              ro code   0x800'1a24     0x4  startup_stm32f100xb.o [1]
  .text              ro code   0x800'1a28     0x4  startup_stm32f100xb.o [1]
  .text              ro code   0x800'1a2c     0x4  startup_stm32f100xb.o [1]
  .text              ro code   0x800'1a30     0x4  startup_stm32f100xb.o [1]
  .text              ro code   0x800'1a34     0x4  startup_stm32f100xb.o [1]
  .text              ro code   0x800'1a38     0x4  startup_stm32f100xb.o [1]
  .text              ro code   0x800'1a3c     0x4  startup_stm32f100xb.o [1]
  .text              ro code   0x800'1a40     0x4  startup_stm32f100xb.o [1]
  .text              ro code   0x800'1a44     0x4  startup_stm32f100xb.o [1]
  .text              ro code   0x800'1a48     0x4  startup_stm32f100xb.o [1]
  .text              ro code   0x800'1a4c     0x4  startup_stm32f100xb.o [1]
  .text              ro code   0x800'1a50     0x4  startup_stm32f100xb.o [1]
  .text              ro code   0x800'1a54     0x4  startup_stm32f100xb.o [1]
  .text              ro code   0x800'1a58     0x4  startup_stm32f100xb.o [1]
  .text              ro code   0x800'1a5c     0x4  startup_stm32f100xb.o [1]
  .text              ro code   0x800'1a60     0x4  startup_stm32f100xb.o [1]
  .text              ro code   0x800'1a64     0x4  startup_stm32f100xb.o [1]
  .text              ro code   0x800'1a68     0x4  startup_stm32f100xb.o [1]
  .text              ro code   0x800'1a6c     0x4  startup_stm32f100xb.o [1]
  .text              ro code   0x800'1a70     0x4  startup_stm32f100xb.o [1]
  .text              ro code   0x800'1a74     0x4  startup_stm32f100xb.o [1]
  .text              ro code   0x800'1a78     0x4  startup_stm32f100xb.o [1]
  .text              ro code   0x800'1a7c     0x4  startup_stm32f100xb.o [1]
  .text              ro code   0x800'1a80     0x4  startup_stm32f100xb.o [1]
  .text              ro code   0x800'1a84     0x4  startup_stm32f100xb.o [1]
  .text              ro code   0x800'1a88     0x4  startup_stm32f100xb.o [1]
  .text              ro code   0x800'1a8c     0x4  startup_stm32f100xb.o [1]
  .text              ro code   0x800'1a90     0x4  startup_stm32f100xb.o [1]
  .text              ro code   0x800'1a94     0x4  startup_stm32f100xb.o [1]
  .text              ro code   0x800'1a98     0x4  startup_stm32f100xb.o [1]
  .text              ro code   0x800'1a9c     0x4  startup_stm32f100xb.o [1]
  .text              ro code   0x800'1aa0     0x4  startup_stm32f100xb.o [1]
  .rodata            const     0x800'1aa4     0x0  zero_init3.o [3]
  .rodata            const     0x800'1aa4     0x0  copy_init3.o [3]
                             - 0x800'1aa4  0x1984

"P2", part 1 of 3:                           0x14
  P2-1                        0x2000'0000    0x14  <Init block>
    .data            inited   0x2000'0000     0x4  global.o [1]
    .data            inited   0x2000'0004     0xc  stm32f1xx_hal.o [1]
    .data            inited   0x2000'0010     0x4  system_stm32f1xx.o [1]
                            - 0x2000'0014    0x14

"P2", part 2 of 3:                           0x70
  .bss               zero     0x2000'0014    0x40  main.o [1]
  .bss               zero     0x2000'0054     0x4  global.o [1]
  .bss               zero     0x2000'0058     0x4  global.o [1]
  .bss               zero     0x2000'005c     0x4  global.o [1]
  .bss               zero     0x2000'0060     0x4  global.o [1]
  .bss               zero     0x2000'0064     0x4  global.o [1]
  .bss               zero     0x2000'0068     0x4  global.o [1]
  .bss               zero     0x2000'006c     0x4  global.o [1]
  .bss               zero     0x2000'0070     0x4  global.o [1]
  .bss               zero     0x2000'0074     0x4  global.o [1]
  .bss               zero     0x2000'0078     0x4  global.o [1]
  .bss               zero     0x2000'007c     0x4  global.o [1]
  .bss               zero     0x2000'0080     0x4  global.o [1]
                            - 0x2000'0084    0x70

"P2", part 3 of 3:                          0x400
  CSTACK                      0x2000'0088   0x400  <Block>
    CSTACK           uninit   0x2000'0088   0x400  <Block tail>
                            - 0x2000'0488   0x400

Unused ranges:

         From           To      Size
         ----           --      ----
   0x800'1aa4   0x801'ffff  0x1'e55c
  0x2000'0084  0x2000'0087       0x4
  0x2000'0488  0x2000'1fff    0x1b78


*******************************************************************************
*** INIT TABLE
***

          Address      Size
          -------      ----
Zero (__iar_zero_init3)
    1 destination range, total size 0x70:
          0x2000'0014  0x70

Copy (__iar_copy_init3)
    1 source range, total size 0x14:
           0x800'19e8  0x14
    1 destination range, total size 0x14:
          0x2000'0000  0x14



*******************************************************************************
*** MODULE SUMMARY
***

    Module                  ro code  ro data  rw data
    ------                  -------  -------  -------
command line/config:
    -------------------------------------------------
    Total:

C:\Users\Morozov\Documents\LAB6_F100\EWARM\LAB6_F100\Obj: [1]
    global.o                               4       52
    main.o                    1 320                64
    startup_stm32f100xb.o       444
    stm32f1xx_hal.o             114       12       12
    stm32f1xx_hal_cortex.o      196
    stm32f1xx_hal_gpio.o        470
    stm32f1xx_hal_msp.o         128
    stm32f1xx_hal_rcc.o       1 172
    stm32f1xx_hal_rcc_ex.o      212
    stm32f1xx_hal_tim.o         550
    stm32f1xx_hal_tim_ex.o       78
    stm32f1xx_it.o              696
    stm32f1xx_ll_adc.o          124
    stm32f1xx_ll_gpio.o         204
    stm32f1xx_ll_tim.o          668
    system_stm32f1xx.o           96        4        4
    -------------------------------------------------
    Total:                    6 472       20      132

dl7M_tlf.a: [2]
    exit.o                        4
    low_level_init.o              4
    -------------------------------------------------
    Total:                        8

rt7M_tl.a: [3]
    ABImemclr4.o                  6
    ABImemset48.o                50
    cexit.o                      10
    cmain.o                      30
    copy_init3.o                 44
    cstartup_M.o                 12
    data_init.o                  40
    zero_init3.o                 58
    -------------------------------------------------
    Total:                      250

shb_l.a: [4]
    exit.o                       20
    -------------------------------------------------
    Total:                       20

    Gaps                         14
    Linker created                        36    1 024
-----------------------------------------------------
    Grand Total:              6 764       56    1 156


*******************************************************************************
*** ENTRY LIST
***

Entry                       Address   Size  Type      Object
-----                       -------   ----  ----      ------
.iar.init_table$$Base    0x800'197c          --   Gb  - Linker created -
.iar.init_table$$Limit   0x800'19a0          --   Gb  - Linker created -
?main                    0x800'19a1         Code  Gb  cmain.o [3]
ADC1_IRQHandler          0x800'16b7   0x2a  Code  Gb  stm32f1xx_it.o [1]
ADC32_1                 0x2000'0080    0x4  Data  Gb  global.o [1]
ADC_RANG_1_2            0x2000'0068    0x4  Data  Gb  global.o [1]
AHBPrescTable            0x800'1918   0x10  Data  Gb  system_stm32f1xx.o [1]
BusFault_Handler         0x800'169b    0x2  Code  Gb  stm32f1xx_it.o [1]
CSTACK$$Base            0x2000'0088          --   Gb  - Linker created -
CSTACK$$Limit           0x2000'0488          --   Gb  - Linker created -
D1                      0x2000'0054    0x4  Data  Gb  global.o [1]
D2                      0x2000'0058    0x4  Data  Gb  global.o [1]
D3                      0x2000'005c    0x4  Data  Gb  global.o [1]
D4                      0x2000'0060    0x4  Data  Gb  global.o [1]
DISP_MODE               0x2000'007c    0x4  Data  Gb  global.o [1]
DMA1_Channel1_IRQHandler
                         0x800'16b5    0x2  Code  Gb  stm32f1xx_it.o [1]
DebugMon_Handler         0x800'16a1    0x2  Code  Gb  stm32f1xx_it.o [1]
EXTI4_IRQHandler         0x800'16a9    0xc  Code  Gb  stm32f1xx_it.o [1]
EXTI9_5_IRQHandler       0x800'16e1    0xc  Code  Gb  stm32f1xx_it.o [1]
HAL_GPIO_EXTI_IRQHandler
                         0x800'13df   0x10  Code  Gb  stm32f1xx_hal_gpio.o [1]
HAL_GPIO_Init            0x800'1255  0x182  Code  Gb  stm32f1xx_hal_gpio.o [1]
HAL_GPIO_WritePin        0x800'13d7    0x8  Code  Gb  stm32f1xx_hal_gpio.o [1]
HAL_GetTick              0x800'15f5    0xc  Code  Wk  stm32f1xx_hal.o [1]
HAL_IncTick              0x800'18b9   0x10  Code  Wk  stm32f1xx_hal.o [1]
HAL_Init                 0x800'0649   0x16  Code  Gb  stm32f1xx_hal.o [1]
HAL_InitTick             0x800'14f1   0x40  Code  Wk  stm32f1xx_hal.o [1]
HAL_MspInit              0x800'1531   0x3a  Code  Gb  stm32f1xx_hal_msp.o [1]
HAL_NVIC_EnableIRQ       0x800'149b    0xa  Code  Gb  stm32f1xx_hal_cortex.o [1]
HAL_NVIC_SetPriority     0x800'1461   0x3a  Code  Gb  stm32f1xx_hal_cortex.o [1]
HAL_NVIC_SetPriorityGrouping
                         0x800'1447   0x1a  Code  Gb  stm32f1xx_hal_cortex.o [1]
HAL_RCCEx_PeriphCLKConfig
                         0x800'0d9d   0xc8  Code  Gb  stm32f1xx_hal_rcc_ex.o [1]
HAL_RCC_ClockConfig      0x800'0c21   0xfc  Code  Gb  stm32f1xx_hal_rcc.o [1]
HAL_RCC_GetSysClockFreq
                         0x800'0d1d   0x3c  Code  Gb  stm32f1xx_hal_rcc.o [1]
HAL_RCC_GetSysClockFreq::aPLLMULFactorTable
                         0x800'0d7c   0x10  Data  Lc  stm32f1xx_hal_rcc.o [1]
HAL_RCC_GetSysClockFreq::aPredivFactorTable
                         0x800'0d8c   0x10  Data  Lc  stm32f1xx_hal_rcc.o [1]
HAL_RCC_OscConfig        0x800'0909  0x310  Code  Gb  stm32f1xx_hal_rcc.o [1]
HAL_SYSTICK_Config       0x800'14af   0x28  Code  Gb  stm32f1xx_hal_cortex.o [1]
HAL_TIMEx_BreakCallback
                         0x800'15b7    0x2  Code  Wk  stm32f1xx_hal_tim_ex.o [1]
HAL_TIMEx_CommutationCallback
                         0x800'15bb    0x2  Code  Wk  stm32f1xx_hal_tim_ex.o [1]
HAL_TIMEx_MasterConfigSynchronization
                         0x800'08b5   0x4a  Code  Gb  stm32f1xx_hal_tim_ex.o [1]
HAL_TIM_Base_Init        0x800'0699   0x1a  Code  Gb  stm32f1xx_hal_tim.o [1]
HAL_TIM_Base_MspInit     0x800'156b   0x34  Code  Gb  stm32f1xx_hal_msp.o [1]
HAL_TIM_IRQHandler       0x800'06d7  0x142  Code  Gb  stm32f1xx_hal_tim.o [1]
HardFault_Handler        0x800'1697    0x2  Code  Gb  stm32f1xx_it.o [1]
Kp                      0x2000'0000    0x4  Data  Gb  global.o [1]
LL_ADC_Init              0x800'0f3d   0x2a  Code  Gb  stm32f1xx_ll_adc.o [1]
LL_ADC_REG_Init          0x800'0f67   0x4c  Code  Gb  stm32f1xx_ll_adc.o [1]
LL_ADC_REG_SetSequencerRanks
                         0x800'0185   0x26  Code  Lc  main.o [1]
LL_ADC_SetChannelSamplingTime
                         0x800'01ab   0x24  Code  Lc  main.o [1]
LL_APB2_GRP1_EnableClock
                         0x800'01cf   0x18  Code  Lc  main.o [1]
LL_GPIO_Init             0x800'0eb5   0x88  Code  Gb  stm32f1xx_ll_gpio.o [1]
LL_GPIO_SetPinMode       0x800'0e71    0xa  Code  Lc  stm32f1xx_ll_gpio.o [1]
LL_GPIO_SetPinOutputType
                         0x800'0eab    0xa  Code  Lc  stm32f1xx_ll_gpio.o [1]
LL_GPIO_SetPinSpeed      0x800'0e7b    0x8  Code  Lc  stm32f1xx_ll_gpio.o [1]
LL_TIM_Init              0x800'0fb9   0x84  Code  Gb  stm32f1xx_ll_tim.o [1]
LL_TIM_OC_Init           0x800'103d  0x10a  Code  Gb  stm32f1xx_ll_tim.o [1]
MX_ADC1_Init             0x800'0339   0xec  Code  Lc  main.o [1]
MX_GPIO_Init             0x800'0517   0xb0  Code  Lc  main.o [1]
MX_TIM2_Init             0x800'0433   0xd0  Code  Lc  main.o [1]
MemManage_Handler        0x800'1699    0x2  Code  Gb  stm32f1xx_it.o [1]
NMI_Handler              0x800'1695    0x2  Code  Gb  stm32f1xx_it.o [1]
NVIC_EnableIRQ           0x800'0121   0x14  Code  Lc  main.o [1]
NVIC_EncodePriority      0x800'0153   0x32  Code  Lc  main.o [1]
NVIC_SetPriority         0x800'0135   0x1e  Code  Lc  main.o [1]
NVIC_SetPriority         0x800'142d   0x1a  Code  Lc  stm32f1xx_hal_cortex.o [1]
OC2Config                0x800'1147   0x7c  Code  Lc  stm32f1xx_ll_tim.o [1]
OC3Config                0x800'11c3   0x7a  Code  Lc  stm32f1xx_ll_tim.o [1]
PendSV_Handler           0x800'16a3    0x2  Code  Gb  stm32f1xx_it.o [1]
Region$$Table$$Base      0x800'197c          --   Gb  - Linker created -
Region$$Table$$Limit     0x800'19a0          --   Gb  - Linker created -
SVC_Handler              0x800'169f    0x2  Code  Gb  stm32f1xx_it.o [1]
SysTick_Handler          0x800'16a5    0x4  Code  Gb  stm32f1xx_it.o [1]
SystemClock_Config       0x800'02e3   0x56  Code  Gb  main.o [1]
SystemCoreClock         0x2000'0010    0x4  Data  Gb  system_stm32f1xx.o [1]
SystemInit               0x800'18c9   0x40  Code  Gb  system_stm32f1xx.o [1]
TIM2_IRQHandler          0x800'16ed   0xf8  Code  Gb  stm32f1xx_it.o [1]
TIM7_IRQHandler          0x800'17e5   0x88  Code  Gb  stm32f1xx_it.o [1]
TIM_Base_SetConfig       0x800'081f   0x7e  Code  Gb  stm32f1xx_hal_tim.o [1]
U0                      0x2000'0070    0x4  Data  Gb  global.o [1]
Uoc                     0x2000'0074    0x4  Data  Gb  global.o [1]
UsageFault_Handler       0x800'169d    0x2  Code  Gb  stm32f1xx_it.o [1]
Uy                      0x2000'006c    0x4  Data  Gb  global.o [1]
Xi                      0x2000'0078    0x4  Data  Gb  global.o [1]
__aeabi_memclr4          0x800'0901         Code  Gb  ABImemclr4.o [3]
__cmain                  0x800'19a1         Code  Gb  cmain.o [3]
__exit                   0x800'19d5   0x14  Code  Gb  exit.o [4]
__iar_Memset4_word       0x800'15c1         Code  Gb  ABImemset48.o [3]
__iar_Memset8_word       0x800'15c1         Code  Gb  ABImemset48.o [3]
__iar_copy_init3         0x800'1929   0x2c  Code  Gb  copy_init3.o [3]
__iar_data_init3         0x800'1955   0x28  Code  Gb  data_init.o [3]
__iar_program_start      0x800'1a0d         Code  Gb  cstartup_M.o [3]
__iar_zero_init3         0x800'065f   0x3a  Code  Gb  zero_init3.o [3]
__low_level_init         0x800'19bf    0x4  Code  Gb  low_level_init.o [2]
__vector_table           0x800'0000         Data  Gb  startup_stm32f100xb.o [1]
_call_main               0x800'19ad         Code  Gb  cmain.o [3]
_exit                    0x800'19c9         Code  Gb  cexit.o [3]
_main                    0x800'19bb         Code  Gb  cmain.o [3]
exit                     0x800'19c3    0x4  Code  Gb  exit.o [2]
htim7                   0x2000'0014   0x40  Data  Gb  main.o [1]
main                     0x800'01e7   0xf0  Code  Gb  main.o [1]
num                     0x2000'0064    0x4  Data  Gb  global.o [1]
show                     0x800'1601   0x94  Code  Lc  stm32f1xx_it.o [1]
uwTick                  0x2000'0008    0x4  Data  Gb  stm32f1xx_hal.o [1]
uwTickFreq              0x2000'0004    0x1  Data  Gb  stm32f1xx_hal.o [1]
uwTickPrio              0x2000'000c    0x4  Data  Gb  stm32f1xx_hal.o [1]


[1] = C:\Users\Morozov\Documents\LAB6_F100\EWARM\LAB6_F100\Obj
[2] = dl7M_tlf.a
[3] = rt7M_tl.a
[4] = shb_l.a

  6 764 bytes of readonly  code memory
     56 bytes of readonly  data memory
  1 156 bytes of readwrite data memory

Errors: none
Warnings: none
